Archive member included to satisfy reference by file (symbol)

C:/Any Programs/STM32CubeIDE/STM32CubeIDE/plugins/com.st.stm32cube.ide.mcu.externaltools.gnu-tools-for-stm32.11.3.rel1.win32_1.1.1.202309131626/tools/bin/../lib/gcc/arm-none-eabi/11.3.1/../../../../arm-none-eabi/lib/thumb/v7e-m+fp/hard\libc_nano.a(libc_a-exit.o)
                              C:/Any Programs/STM32CubeIDE/STM32CubeIDE/plugins/com.st.stm32cube.ide.mcu.externaltools.gnu-tools-for-stm32.11.3.rel1.win32_1.1.1.202309131626/tools/bin/../lib/gcc/arm-none-eabi/11.3.1/../../../../arm-none-eabi/lib/thumb/v7e-m+fp/hard/crt0.o (exit)
C:/Any Programs/STM32CubeIDE/STM32CubeIDE/plugins/com.st.stm32cube.ide.mcu.externaltools.gnu-tools-for-stm32.11.3.rel1.win32_1.1.1.202309131626/tools/bin/../lib/gcc/arm-none-eabi/11.3.1/../../../../arm-none-eabi/lib/thumb/v7e-m+fp/hard\libc_nano.a(libc_a-findfp.o)
                              C:/Any Programs/STM32CubeIDE/STM32CubeIDE/plugins/com.st.stm32cube.ide.mcu.externaltools.gnu-tools-for-stm32.11.3.rel1.win32_1.1.1.202309131626/tools/bin/../lib/gcc/arm-none-eabi/11.3.1/../../../../arm-none-eabi/lib/thumb/v7e-m+fp/hard\libc_nano.a(libc_a-exit.o) (__stdio_exit_handler)
C:/Any Programs/STM32CubeIDE/STM32CubeIDE/plugins/com.st.stm32cube.ide.mcu.externaltools.gnu-tools-for-stm32.11.3.rel1.win32_1.1.1.202309131626/tools/bin/../lib/gcc/arm-none-eabi/11.3.1/../../../../arm-none-eabi/lib/thumb/v7e-m+fp/hard\libc_nano.a(libc_a-fwalk.o)
                              C:/Any Programs/STM32CubeIDE/STM32CubeIDE/plugins/com.st.stm32cube.ide.mcu.externaltools.gnu-tools-for-stm32.11.3.rel1.win32_1.1.1.202309131626/tools/bin/../lib/gcc/arm-none-eabi/11.3.1/../../../../arm-none-eabi/lib/thumb/v7e-m+fp/hard\libc_nano.a(libc_a-findfp.o) (_fwalk_sglue)
C:/Any Programs/STM32CubeIDE/STM32CubeIDE/plugins/com.st.stm32cube.ide.mcu.externaltools.gnu-tools-for-stm32.11.3.rel1.win32_1.1.1.202309131626/tools/bin/../lib/gcc/arm-none-eabi/11.3.1/../../../../arm-none-eabi/lib/thumb/v7e-m+fp/hard\libc_nano.a(libc_a-stdio.o)
                              C:/Any Programs/STM32CubeIDE/STM32CubeIDE/plugins/com.st.stm32cube.ide.mcu.externaltools.gnu-tools-for-stm32.11.3.rel1.win32_1.1.1.202309131626/tools/bin/../lib/gcc/arm-none-eabi/11.3.1/../../../../arm-none-eabi/lib/thumb/v7e-m+fp/hard\libc_nano.a(libc_a-findfp.o) (__sread)
C:/Any Programs/STM32CubeIDE/STM32CubeIDE/plugins/com.st.stm32cube.ide.mcu.externaltools.gnu-tools-for-stm32.11.3.rel1.win32_1.1.1.202309131626/tools/bin/../lib/gcc/arm-none-eabi/11.3.1/../../../../arm-none-eabi/lib/thumb/v7e-m+fp/hard\libc_nano.a(libc_a-memset.o)
                              C:/Any Programs/STM32CubeIDE/STM32CubeIDE/plugins/com.st.stm32cube.ide.mcu.externaltools.gnu-tools-for-stm32.11.3.rel1.win32_1.1.1.202309131626/tools/bin/../lib/gcc/arm-none-eabi/11.3.1/../../../../arm-none-eabi/lib/thumb/v7e-m+fp/hard/crt0.o (memset)
C:/Any Programs/STM32CubeIDE/STM32CubeIDE/plugins/com.st.stm32cube.ide.mcu.externaltools.gnu-tools-for-stm32.11.3.rel1.win32_1.1.1.202309131626/tools/bin/../lib/gcc/arm-none-eabi/11.3.1/../../../../arm-none-eabi/lib/thumb/v7e-m+fp/hard\libc_nano.a(libc_a-closer.o)
                              C:/Any Programs/STM32CubeIDE/STM32CubeIDE/plugins/com.st.stm32cube.ide.mcu.externaltools.gnu-tools-for-stm32.11.3.rel1.win32_1.1.1.202309131626/tools/bin/../lib/gcc/arm-none-eabi/11.3.1/../../../../arm-none-eabi/lib/thumb/v7e-m+fp/hard\libc_nano.a(libc_a-stdio.o) (_close_r)
C:/Any Programs/STM32CubeIDE/STM32CubeIDE/plugins/com.st.stm32cube.ide.mcu.externaltools.gnu-tools-for-stm32.11.3.rel1.win32_1.1.1.202309131626/tools/bin/../lib/gcc/arm-none-eabi/11.3.1/../../../../arm-none-eabi/lib/thumb/v7e-m+fp/hard\libc_nano.a(libc_a-reent.o)
                              C:/Any Programs/STM32CubeIDE/STM32CubeIDE/plugins/com.st.stm32cube.ide.mcu.externaltools.gnu-tools-for-stm32.11.3.rel1.win32_1.1.1.202309131626/tools/bin/../lib/gcc/arm-none-eabi/11.3.1/../../../../arm-none-eabi/lib/thumb/v7e-m+fp/hard\libc_nano.a(libc_a-closer.o) (errno)
C:/Any Programs/STM32CubeIDE/STM32CubeIDE/plugins/com.st.stm32cube.ide.mcu.externaltools.gnu-tools-for-stm32.11.3.rel1.win32_1.1.1.202309131626/tools/bin/../lib/gcc/arm-none-eabi/11.3.1/../../../../arm-none-eabi/lib/thumb/v7e-m+fp/hard\libc_nano.a(libc_a-impure.o)
                              C:/Any Programs/STM32CubeIDE/STM32CubeIDE/plugins/com.st.stm32cube.ide.mcu.externaltools.gnu-tools-for-stm32.11.3.rel1.win32_1.1.1.202309131626/tools/bin/../lib/gcc/arm-none-eabi/11.3.1/../../../../arm-none-eabi/lib/thumb/v7e-m+fp/hard\libc_nano.a(libc_a-reent.o) (_impure_ptr)
C:/Any Programs/STM32CubeIDE/STM32CubeIDE/plugins/com.st.stm32cube.ide.mcu.externaltools.gnu-tools-for-stm32.11.3.rel1.win32_1.1.1.202309131626/tools/bin/../lib/gcc/arm-none-eabi/11.3.1/../../../../arm-none-eabi/lib/thumb/v7e-m+fp/hard\libc_nano.a(libc_a-lseekr.o)
[...]
Memory Configuration

Name             Origin             Length             Attributes
CCMRAM           0x0000000010000000 0x0000000000010000 xrw
RAM              0x0000000020000000 0x0000000000030000 xrw
FLASH            0x0000000008000000 0x0000000000020000 xr
*default*        0x0000000000000000 0xffffffffffffffff

Linker script and memory map

LOAD C:/Any Programs/STM32CubeIDE/STM32CubeIDE/plugins/com.st.stm32cube.ide.mcu.externaltools.gnu-tools-for-stm32.11.3.rel1.win32_1.1.1.202309131626/tools/bin/../lib/gcc/arm-none-eabi/11.3.1/thumb/v7e-m+fp/hard/crti.o
LOAD C:/Any Programs/STM32CubeIDE/STM32CubeIDE/plugins/com.st.stm32cube.ide.mcu.externaltools.gnu-tools-for-stm32.11.3.rel1.win32_1.1.1.202309131626/tools/bin/../lib/gcc/arm-none-eabi/11.3.1/thumb/v7e-m+fp/hard/crtbegin.o
LOAD C:/Any Programs/STM32CubeIDE/STM32CubeIDE/plugins/com.st.stm32cube.ide.mcu.externaltools.gnu-tools-for-stm32.11.3.rel1.win32_1.1.1.202309131626/tools/bin/../lib/gcc/arm-none-eabi/11.3.1/../../../../arm-none-eabi/lib/thumb/v7e-m+fp/hard/crt0.o
LOAD ./Core/Src/bootloader.o
LOAD ./Core/Src/gpio.o
LOAD ./Core/Src/main.o
LOAD ./Core/Src/stm32f4xx_hal_msp.o
LOAD ./Core/Src/stm32f4xx_it.o
LOAD ./Core/Src/syscalls.o
LOAD ./Core/Src/sysmem.o
LOAD ./Core/Src/system_stm32f4xx.o
LOAD ./Core/Src/usart.o
LOAD ./Core/Startup/startup_stm32f429zitx.o
LOAD ./Drivers/STM32F4xx_HAL_Driver/Src/stm32f4xx_hal.o
LOAD ./Drivers/STM32F4xx_HAL_Driver/Src/stm32f4xx_hal_cortex.o
LOAD ./Drivers/STM32F4xx_HAL_Driver/Src/stm32f4xx_hal_dma.o
LOAD ./Drivers/STM32F4xx_HAL_Driver/Src/stm32f4xx_hal_dma_ex.o
LOAD ./Drivers/STM32F4xx_HAL_Driver/Src/stm32f4xx_hal_exti.o
LOAD ./Drivers/STM32F4xx_HAL_Driver/Src/stm32f4xx_hal_flash.o
LOAD ./Drivers/STM32F4xx_HAL_Driver/Src/stm32f4xx_hal_flash_ex.o
LOAD ./Drivers/STM32F4xx_HAL_Driver/Src/stm32f4xx_hal_flash_ramfunc.o
LOAD ./Drivers/STM32F4xx_HAL_Driver/Src/stm32f4xx_hal_gpio.o
LOAD ./Drivers/STM32F4xx_HAL_Driver/Src/stm32f4xx_hal_pwr.o
LOAD ./Drivers/STM32F4xx_HAL_Driver/Src/stm32f4xx_hal_pwr_ex.o
LOAD ./Drivers/STM32F4xx_HAL_Driver/Src/stm32f4xx_hal_rcc.o
LOAD ./Drivers/STM32F4xx_HAL_Driver/Src/stm32f4xx_hal_rcc_ex.o
LOAD ./Drivers/STM32F4xx_HAL_Driver/Src/stm32f4xx_hal_uart.o
START GROUP
LOAD C:/Any Programs/STM32CubeIDE/STM32CubeIDE/plugins/com.st.stm32cube.ide.mcu.externaltools.gnu-tools-for-stm32.11.3.rel1.win32_1.1.1.202309131626/tools/bin/../lib/gcc/arm-none-eabi/11.3.1/../../../../arm-none-eabi/lib/thumb/v7e-m+fp/hard\libc_nano.a
LOAD C:/Any Programs/STM32CubeIDE/STM32CubeIDE/plugins/com.st.stm32cube.ide.mcu.externaltools.gnu-tools-for-stm32.11.3.rel1.win32_1.1.1.202309131626/tools/bin/../lib/gcc/arm-none-eabi/11.3.1/../../../../arm-none-eabi/lib/thumb/v7e-m+fp/hard\libm.a
END GROUP
START GROUP
LOAD C:/Any Programs/STM32CubeIDE/STM32CubeIDE/plugins/com.st.stm32cube.ide.mcu.externaltools.gnu-tools-for-stm32.11.3.rel1.win32_1.1.1.202309131626/tools/bin/../lib/gcc/arm-none-eabi/11.3.1/thumb/v7e-m+fp/hard\libgcc.a
LOAD C:/Any Programs/STM32CubeIDE/STM32CubeIDE/plugins/com.st.stm32cube.ide.mcu.externaltools.gnu-tools-for-stm32.11.3.rel1.win32_1.1.1.202309131626/tools/bin/../lib/gcc/arm-none-eabi/11.3.1/../../../../arm-none-eabi/lib/thumb/v7e-m+fp/hard\libc_nano.a
END GROUP
START GROUP
LOAD C:/Any Programs/STM32CubeIDE/STM32CubeIDE/plugins/com.st.stm32cube.ide.mcu.externaltools.gnu-tools-for-stm32.11.3.rel1.win32_1.1.1.202309131626/tools/bin/../lib/gcc/arm-none-eabi/11.3.1/thumb/v7e-m+fp/hard\libgcc.a
LOAD C:/Any Programs/STM32CubeIDE/STM32CubeIDE/plugins/com.st.stm32cube.ide.mcu.externaltools.gnu-tools-for-stm32.11.3.rel1.win32_1.1.1.202309131626/tools/bin/../lib/gcc/arm-none-eabi/11.3.1/../../../../arm-none-eabi/lib/thumb/v7e-m+fp/hard\libc_nano.a
LOAD C:/Any Programs/STM32CubeIDE/STM32CubeIDE/plugins/com.st.stm32cube.ide.mcu.externaltools.gnu-tools-for-stm32.11.3.rel1.win32_1.1.1.202309131626/tools/bin/../lib/gcc/arm-none-eabi/11.3.1/../../../../arm-none-eabi/lib/thumb/v7e-m+fp/hard\libnosys.a
END GROUP
START GROUP
LOAD C:/Any Programs/STM32CubeIDE/STM32CubeIDE/plugins/com.st.stm32cube.ide.mcu.externaltools.gnu-tools-for-stm32.11.3.rel1.win32_1.1.1.202309131626/tools/bin/../lib/gcc/arm-none-eabi/11.3.1/thumb/v7e-m+fp/hard\libgcc.a
LOAD C:/Any Programs/STM32CubeIDE/STM32CubeIDE/plugins/com.st.stm32cube.ide.mcu.externaltools.gnu-tools-for-stm32.11.3.rel1.win32_1.1.1.202309131626/tools/bin/../lib/gcc/arm-none-eabi/11.3.1/../../../../arm-none-eabi/lib/thumb/v7e-m+fp/hard\libc_nano.a
LOAD C:/Any Programs/STM32CubeIDE/STM32CubeIDE/plugins/com.st.stm32cube.ide.mcu.externaltools.gnu-tools-for-stm32.11.3.rel1.win32_1.1.1.202309131626/tools/bin/../lib/gcc/arm-none-eabi/11.3.1/../../../../arm-none-eabi/lib/thumb/v7e-m+fp/hard\libnosys.a
END GROUP
LOAD C:/Any Programs/STM32CubeIDE/STM32CubeIDE/plugins/com.st.stm32cube.ide.mcu.externaltools.gnu-tools-for-stm32.11.3.rel1.win32_1.1.1.202309131626/tools/bin/../lib/gcc/arm-none-eabi/11.3.1/thumb/v7e-m+fp/hard/crtend.o
LOAD C:/Any Programs/STM32CubeIDE/STM32CubeIDE/plugins/com.st.stm32cube.ide.mcu.externaltools.gnu-tools-for-stm32.11.3.rel1.win32_1.1.1.202309131626/tools/bin/../lib/gcc/arm-none-eabi/11.3.1/thumb/v7e-m+fp/hard/crtn.o
                0x0000000020030000                _estack = (ORIGIN (RAM) + LENGTH (RAM))
                0x0000000000000200                _Min_Heap_Size = 0x200
                0x0000000000000400                _Min_Stack_Size = 0x400

.isr_vector     0x0000000008000000      0x1ac
                0x0000000008000000                . = ALIGN (0x4)
 *(.isr_vector)
 .isr_vector    0x0000000008000000      0x1ac ./Core/Startup/startup_stm32f429zitx.o
                0x0000000008000000                g_pfnVectors
                0x00000000080001ac                . = ALIGN (0x4)

.text           0x00000000080001ac     0x3a48
                0x00000000080001ac                . = ALIGN (0x4)
 *(.text)
 .text          0x00000000080001ac       0x40 C:/Any Programs/STM32CubeIDE/STM32CubeIDE/plugins/com.st.stm32cube.ide.mcu.externaltools.gnu-tools-for-stm32.11.3.rel1.win32_1.1.1.202309131626/tools/bin/../lib/gcc/arm-none-eabi/11.3.1/thumb/v7e-m+fp/hard/crtbegin.o
 .text          0x00000000080001ec       0x30 C:/Any Programs/STM32CubeIDE/STM32CubeIDE/plugins/com.st.stm32cube.ide.mcu.externaltools.gnu-tools-for-stm32.11.3.rel1.win32_1.1.1.202309131626/tools/bin/../lib/gcc/arm-none-eabi/11.3.1/thumb/v7e-m+fp/hard\libgcc.a(_aeabi_uldivmod.o)
                0x00000000080001ec                __aeabi_uldivmod
 .text          0x000000000800021c      0x2c8 C:/Any Programs/STM32CubeIDE/STM32CubeIDE/plugins/com.st.stm32cube.ide.mcu.externaltools.gnu-tools-for-stm32.11.3.rel1.win32_1.1.1.202309131626/tools/bin/../lib/gcc/arm-none-eabi/11.3.1/thumb/v7e-m+fp/hard\libgcc.a(_udivmoddi4.o)
                0x000000000800021c                __udivmoddi4
 .text          0x00000000080004e4        0x4 C:/Any Programs/STM32CubeIDE/STM32CubeIDE/plugins/com.st.stm32cube.ide.mcu.externaltools.gnu-tools-for-stm32.11.3.rel1.win32_1.1.1.202309131626/tools/bin/../lib/gcc/arm-none-eabi/11.3.1/thumb/v7e-m+fp/hard\libgcc.a(_dvmd_tls.o)
                0x00000000080004e4                __aeabi_idiv0
                0x00000000080004e4                __aeabi_ldiv0
 *(.text*)
 .text.fileCompile
                0x00000000080004e8      0x5cc ./Core/Src/bootloader.o
                0x00000000080004e8                fileCompile
 .text.EraseUserApplication
                0x0000000008000ab4       0x60 ./Core/Src/bootloader.o
                0x0000000008000ab4                EraseUserApplication
 .text.flashProgram
                0x0000000008000b14      0x2e8 ./Core/Src/bootloader.o
                0x0000000008000b14                flashProgram
 .text.JumpToAddress
                0x0000000008000dfc       0x58 ./Core/Src/bootloader.o
                0x0000000008000dfc                JumpToAddress
 .text.JumpToApplication
                0x0000000008000e54       0x14 ./Core/Src/bootloader.o
                0x0000000008000e54                JumpToApplication
 .text.hexCharToUint
                0x0000000008000e68       0x54 ./Core/Src/bootloader.o
                0x0000000008000e68                hexCharToUint
 .text.read_uint32_from_flash
                0x0000000008000ebc       0x1c ./Core/Src/bootloader.o
                0x0000000008000ebc                read_uint32_from_flash
 .text.flashMemory
                0x0000000008000ed8       0x80 ./Core/Src/bootloader.o
                0x0000000008000ed8                flashMemory
 .text.UserApplicationExists
                0x0000000008000f58       0x34 ./Core/Src/bootloader.o
                0x0000000008000f58                UserApplicationExists
 .text.MX_GPIO_Init
                0x0000000008000f8c       0x88 ./Core/Src/gpio.o
                0x0000000008000f8c                MX_GPIO_Init
 .text.main     0x0000000008001014       0x38 ./Core/Src/main.o
                0x0000000008001014                main
 .text.SystemClock_Config
                0x000000000800104c       0xc0 ./Core/Src/main.o
                0x000000000800104c                SystemClock_Config
 .text.Error_Handler
                0x000000000800110c        0xa ./Core/Src/main.o
                0x000000000800110c                Error_Handler
 *fill*         0x0000000008001116        0x2 
 .text.HAL_MspInit
                0x0000000008001118       0x50 ./Core/Src/stm32f4xx_hal_msp.o
                0x0000000008001118                HAL_MspInit
 .text.NMI_Handler
                0x0000000008001168        0x6 ./Core/Src/stm32f4xx_it.o
                0x0000000008001168                NMI_Handler
 .text.HardFault_Handler
                0x000000000800116e        0x6 ./Core/Src/stm32f4xx_it.o
                0x000000000800116e                HardFault_Handler
 .text.MemManage_Handler
                0x0000000008001174        0x6 ./Core/Src/stm32f4xx_it.o
                0x0000000008001174                MemManage_Handler
 .text.BusFault_Handler
                0x000000000800117a        0x6 ./Core/Src/stm32f4xx_it.o
                0x000000000800117a                BusFault_Handler
 .text.UsageFault_Handler
                0x0000000008001180        0x6 ./Core/Src/stm32f4xx_it.o
                0x0000000008001180                UsageFault_Handler
 .text.SVC_Handler
                0x0000000008001186        0xe ./Core/Src/stm32f4xx_it.o
                0x0000000008001186                SVC_Handler
 .text.DebugMon_Handler
                0x0000000008001194        0xe ./Core/Src/stm32f4xx_it.o
                0x0000000008001194                DebugMon_Handler
 .text.PendSV_Handler
                0x00000000080011a2        0xe ./Core/Src/stm32f4xx_it.o
                0x00000000080011a2                PendSV_Handler
 .text.SysTick_Handler
                0x00000000080011b0        0xc ./Core/Src/stm32f4xx_it.o
                0x00000000080011b0                SysTick_Handler
 .text.USART2_IRQHandler
                0x00000000080011bc       0x14 ./Core/Src/stm32f4xx_it.o
                0x00000000080011bc                USART2_IRQHandler
 .text.SystemInit
                0x00000000080011d0       0x24 ./Core/Src/system_stm32f4xx.o
                0x00000000080011d0                SystemInit
 .text.MX_USART2_UART_Init
                0x00000000080011f4       0x54 ./Core/Src/usart.o
                0x00000000080011f4                MX_USART2_UART_Init
 .text.HAL_UART_MspInit
                0x0000000008001248       0xa0 ./Core/Src/usart.o
                0x0000000008001248                HAL_UART_MspInit
 .text.uart2_userinit
                0x00000000080012e8       0x1c ./Core/Src/usart.o
                0x00000000080012e8                uart2_userinit
 .text.HAL_UART_RxCpltCallback
                0x0000000008001304       0x3c ./Core/Src/usart.o
                0x0000000008001304                HAL_UART_RxCpltCallback
 .text.Reset_Handler
                0x0000000008001340       0x50 ./Core/Startup/startup_stm32f429zitx.o
                0x0000000008001340                Reset_Handler
 .text.Default_Handler
                0x0000000008001390        0x2 ./Core/Startup/startup_stm32f429zitx.o
                0x0000000008001390                RTC_Alarm_IRQHandler
                0x0000000008001390                HASH_RNG_IRQHandler
                0x0000000008001390                EXTI2_IRQHandler
                0x0000000008001390                TIM8_CC_IRQHandler
                0x0000000008001390                UART8_IRQHandler
                0x0000000008001390                SPI4_IRQHandler
                0x0000000008001390                TIM1_CC_IRQHandler
                0x0000000008001390                DMA2_Stream5_IRQHandler
                0x0000000008001390                DMA1_Stream5_IRQHandler
                0x0000000008001390                PVD_IRQHandler
                0x0000000008001390                SDIO_IRQHandler
                0x0000000008001390                TAMP_STAMP_IRQHandler
                0x0000000008001390                CAN2_RX1_IRQHandler
                0x0000000008001390                EXTI3_IRQHandler
                0x0000000008001390                TIM8_TRG_COM_TIM14_IRQHandler
                0x0000000008001390                TIM1_UP_TIM10_IRQHandler
                0x0000000008001390                TIM8_UP_TIM13_IRQHandler
                0x0000000008001390                I2C3_ER_IRQHandler
                0x0000000008001390                EXTI0_IRQHandler
                0x0000000008001390                I2C2_EV_IRQHandler
                0x0000000008001390                DMA1_Stream2_IRQHandler
                0x0000000008001390                CAN1_RX0_IRQHandler
                0x0000000008001390                FPU_IRQHandler
                0x0000000008001390                OTG_HS_WKUP_IRQHandler
                0x0000000008001390                LTDC_ER_IRQHandler
                0x0000000008001390                CAN2_SCE_IRQHandler
                0x0000000008001390                DMA2_Stream2_IRQHandler
                0x0000000008001390                SPI1_IRQHandler
                0x0000000008001390                TIM6_DAC_IRQHandler
                0x0000000008001390                TIM1_BRK_TIM9_IRQHandler
                0x0000000008001390                DCMI_IRQHandler
                0x0000000008001390                CAN2_RX0_IRQHandler
                0x0000000008001390                DMA2_Stream3_IRQHandler
                0x0000000008001390                USART6_IRQHandler
                0x0000000008001390                USART3_IRQHandler
                0x0000000008001390                CAN1_RX1_IRQHandler
                0x0000000008001390                UART5_IRQHandler
                0x0000000008001390                DMA2_Stream0_IRQHandler
                0x0000000008001390                TIM4_IRQHandler
                0x0000000008001390                I2C1_EV_IRQHandler
                0x0000000008001390                DMA1_Stream6_IRQHandler
                0x0000000008001390                DMA1_Stream1_IRQHandler
                0x0000000008001390                UART4_IRQHandler
                0x0000000008001390                TIM3_IRQHandler
                0x0000000008001390                RCC_IRQHandler
                0x0000000008001390                TIM8_BRK_TIM12_IRQHandler
                0x0000000008001390                Default_Handler
                0x0000000008001390                EXTI15_10_IRQHandler
                0x0000000008001390                ADC_IRQHandler
                0x0000000008001390                DMA1_Stream7_IRQHandler
                0x0000000008001390                SPI5_IRQHandler
                0x0000000008001390                TIM7_IRQHandler
                0x0000000008001390                CAN2_TX_IRQHandler
                0x0000000008001390                TIM5_IRQHandler
                0x0000000008001390                DMA2_Stream7_IRQHandler
                0x0000000008001390                I2C3_EV_IRQHandler
                0x0000000008001390                EXTI9_5_IRQHandler
                0x0000000008001390                RTC_WKUP_IRQHandler
                0x0000000008001390                LTDC_IRQHandler
                0x0000000008001390                ETH_WKUP_IRQHandler
                0x0000000008001390                SPI2_IRQHandler
                0x0000000008001390                OTG_HS_EP1_IN_IRQHandler
                0x0000000008001390                DMA1_Stream0_IRQHandler
                0x0000000008001390                CAN1_TX_IRQHandler
                0x0000000008001390                EXTI4_IRQHandler
                0x0000000008001390                ETH_IRQHandler
                0x0000000008001390                OTG_HS_EP1_OUT_IRQHandler
                0x0000000008001390                WWDG_IRQHandler
                0x0000000008001390                SPI6_IRQHandler
                0x0000000008001390                TIM2_IRQHandler
                0x0000000008001390                OTG_FS_WKUP_IRQHandler
                0x0000000008001390                TIM1_TRG_COM_TIM11_IRQHandler
                0x0000000008001390                OTG_HS_IRQHandler
                0x0000000008001390                DMA2D_IRQHandler
                0x0000000008001390                EXTI1_IRQHandler
                0x0000000008001390                UART7_IRQHandler
                0x0000000008001390                I2C2_ER_IRQHandler
                0x0000000008001390                DMA2_Stream1_IRQHandler
                0x0000000008001390                CAN1_SCE_IRQHandler
                0x0000000008001390                FLASH_IRQHandler
                0x0000000008001390                DMA2_Stream4_IRQHandler
                0x0000000008001390                USART1_IRQHandler
                0x0000000008001390                OTG_FS_IRQHandler
                0x0000000008001390                SPI3_IRQHandler
                0x0000000008001390                DMA1_Stream4_IRQHandler
                0x0000000008001390                I2C1_ER_IRQHandler
                0x0000000008001390                FMC_IRQHandler
                0x0000000008001390                DMA2_Stream6_IRQHandler
                0x0000000008001390                SAI1_IRQHandler
                0x0000000008001390                DMA1_Stream3_IRQHandler
 *fill*         0x0000000008001392        0x2 
 .text.HAL_Init
                0x0000000008001394       0x44 ./Drivers/STM32F4xx_HAL_Driver/Src/stm32f4xx_hal.o
                0x0000000008001394                HAL_Init
 .text.HAL_DeInit
                0x00000000080013d8       0x58 ./Drivers/STM32F4xx_HAL_Driver/Src/stm32f4xx_hal.o
                0x00000000080013d8                HAL_DeInit
 .text.HAL_MspDeInit
                0x0000000008001430        0xe ./Drivers/STM32F4xx_HAL_Driver/Src/stm32f4xx_hal.o
                0x0000000008001430                HAL_MspDeInit
 *fill*         0x000000000800143e        0x2 
 .text.HAL_InitTick
                0x0000000008001440       0x60 ./Drivers/STM32F4xx_HAL_Driver/Src/stm32f4xx_hal.o
                0x0000000008001440                HAL_InitTick
 .text.HAL_IncTick
                0x00000000080014a0       0x28 ./Drivers/STM32F4xx_HAL_Driver/Src/stm32f4xx_hal.o
                0x00000000080014a0                HAL_IncTick
 .text.HAL_GetTick
                0x00000000080014c8       0x18 ./Drivers/STM32F4xx_HAL_Driver/Src/stm32f4xx_hal.o
                0x00000000080014c8                HAL_GetTick
 .text.__NVIC_SetPriorityGrouping
                0x00000000080014e0       0x48 ./Drivers/STM32F4xx_HAL_Driver/Src/stm32f4xx_hal_cortex.o
 .text.__NVIC_GetPriorityGrouping
                0x0000000008001528       0x1c ./Drivers/STM32F4xx_HAL_Driver/Src/stm32f4xx_hal_cortex.o
 .text.__NVIC_EnableIRQ
                0x0000000008001544       0x3c ./Drivers/STM32F4xx_HAL_Driver/Src/stm32f4xx_hal_cortex.o
 .text.__NVIC_SetPriority
                0x0000000008001580       0x54 ./Drivers/STM32F4xx_HAL_Driver/Src/stm32f4xx_hal_cortex.o
 .text.NVIC_EncodePriority
                0x00000000080015d4       0x66 ./Drivers/STM32F4xx_HAL_Driver/Src/stm32f4xx_hal_cortex.o
 *fill*         0x000000000800163a        0x2 
 .text.SysTick_Config
                0x000000000800163c       0x44 ./Drivers/STM32F4xx_HAL_Driver/Src/stm32f4xx_hal_cortex.o
 .text.HAL_NVIC_SetPriorityGrouping
                0x0000000008001680       0x16 ./Drivers/STM32F4xx_HAL_Driver/Src/stm32f4xx_hal_cortex.o
                0x0000000008001680                HAL_NVIC_SetPriorityGrouping
 .text.HAL_NVIC_SetPriority
                0x0000000008001696       0x38 ./Drivers/STM32F4xx_HAL_Driver/Src/stm32f4xx_hal_cortex.o
                0x0000000008001696                HAL_NVIC_SetPriority
 .text.HAL_NVIC_EnableIRQ
                0x00000000080016ce       0x1c ./Drivers/STM32F4xx_HAL_Driver/Src/stm32f4xx_hal_cortex.o
                0x00000000080016ce                HAL_NVIC_EnableIRQ
 .text.HAL_SYSTICK_Config
                0x00000000080016ea       0x18 ./Drivers/STM32F4xx_HAL_Driver/Src/stm32f4xx_hal_cortex.o
                0x00000000080016ea                HAL_SYSTICK_Config
 .text.HAL_DMA_Abort
                0x0000000008001702       0xe0 ./Drivers/STM32F4xx_HAL_Driver/Src/stm32f4xx_hal_dma.o
                0x0000000008001702                HAL_DMA_Abort
 .text.HAL_DMA_Abort_IT
                0x00000000080017e2       0x44 ./Drivers/STM32F4xx_HAL_Driver/Src/stm32f4xx_hal_dma.o
                0x00000000080017e2                HAL_DMA_Abort_IT
 *fill*         0x0000000008001826        0x2 
 .text.HAL_FLASH_Program
                0x0000000008001828       0xa8 ./Drivers/STM32F4xx_HAL_Driver/Src/stm32f4xx_hal_flash.o
                0x0000000008001828                HAL_FLASH_Program
 .text.HAL_FLASH_Unlock
                0x00000000080018d0       0x44 ./Drivers/STM32F4xx_HAL_Driver/Src/stm32f4xx_hal_flash.o
                0x00000000080018d0                HAL_FLASH_Unlock
 .text.HAL_FLASH_Lock
                0x0000000008001914       0x20 ./Drivers/STM32F4xx_HAL_Driver/Src/stm32f4xx_hal_flash.o
                0x0000000008001914                HAL_FLASH_Lock
 .text.FLASH_WaitForLastOperation
                0x0000000008001934       0x80 ./Drivers/STM32F4xx_HAL_Driver/Src/stm32f4xx_hal_flash.o
                0x0000000008001934                FLASH_WaitForLastOperation
 .text.FLASH_Program_DoubleWord
                0x00000000080019b4       0x64 ./Drivers/STM32F4xx_HAL_Driver/Src/stm32f4xx_hal_flash.o
 .text.FLASH_Program_Word
                0x0000000008001a18       0x44 ./Drivers/STM32F4xx_HAL_Driver/Src/stm32f4xx_hal_flash.o
 .text.FLASH_Program_HalfWord
                0x0000000008001a5c       0x48 ./Drivers/STM32F4xx_HAL_Driver/Src/stm32f4xx_hal_flash.o
 .text.FLASH_Program_Byte
                0x0000000008001aa4       0x44 ./Drivers/STM32F4xx_HAL_Driver/Src/stm32f4xx_hal_flash.o
 .text.FLASH_SetErrorCode
                0x0000000008001ae8       0xcc ./Drivers/STM32F4xx_HAL_Driver/Src/stm32f4xx_hal_flash.o
 .text.HAL_FLASHEx_Erase
                0x0000000008001bb4       0xe4 ./Drivers/STM32F4xx_HAL_Driver/Src/stm32f4xx_hal_flash_ex.o
                0x0000000008001bb4                HAL_FLASHEx_Erase
 .text.FLASH_MassErase
                0x0000000008001c98       0x74 ./Drivers/STM32F4xx_HAL_Driver/Src/stm32f4xx_hal_flash_ex.o
 .text.FLASH_Erase_Sector
                0x0000000008001d0c       0x9c ./Drivers/STM32F4xx_HAL_Driver/Src/stm32f4xx_hal_flash_ex.o
                0x0000000008001d0c                FLASH_Erase_Sector
 .text.FLASH_FlushCaches
                0x0000000008001da8       0x8c ./Drivers/STM32F4xx_HAL_Driver/Src/stm32f4xx_hal_flash_ex.o
                0x0000000008001da8                FLASH_FlushCaches
 .text.HAL_GPIO_Init
                0x0000000008001e34      0x358 ./Drivers/STM32F4xx_HAL_Driver/Src/stm32f4xx_hal_gpio.o
                0x0000000008001e34                HAL_GPIO_Init
 .text.HAL_GPIO_WritePin
                0x000000000800218c       0x32 ./Drivers/STM32F4xx_HAL_Driver/Src/stm32f4xx_hal_gpio.o
                0x000000000800218c                HAL_GPIO_WritePin
 .text.HAL_GPIO_TogglePin
                0x00000000080021be       0x34 ./Drivers/STM32F4xx_HAL_Driver/Src/stm32f4xx_hal_gpio.o
                0x00000000080021be                HAL_GPIO_TogglePin
 *fill*         0x00000000080021f2        0x2 
 .text.HAL_RCC_OscConfig
                0x00000000080021f4      0x4f0 ./Drivers/STM32F4xx_HAL_Driver/Src/stm32f4xx_hal_rcc.o
                0x00000000080021f4                HAL_RCC_OscConfig
 .text.HAL_RCC_ClockConfig
                0x00000000080026e4      0x1cc ./Drivers/STM32F4xx_HAL_Driver/Src/stm32f4xx_hal_rcc.o
                0x00000000080026e4                HAL_RCC_ClockConfig
 .text.HAL_RCC_GetSysClockFreq
                0x00000000080028b0      0x18c ./Drivers/STM32F4xx_HAL_Driver/Src/stm32f4xx_hal_rcc.o
                0x00000000080028b0                HAL_RCC_GetSysClockFreq
 .text.HAL_RCC_GetHCLKFreq
                0x0000000008002a3c       0x18 ./Drivers/STM32F4xx_HAL_Driver/Src/stm32f4xx_hal_rcc.o
                0x0000000008002a3c                HAL_RCC_GetHCLKFreq
 .text.HAL_RCC_GetPCLK1Freq
                0x0000000008002a54       0x28 ./Drivers/STM32F4xx_HAL_Driver/Src/stm32f4xx_hal_rcc.o
                0x0000000008002a54                HAL_RCC_GetPCLK1Freq
 .text.HAL_RCC_GetPCLK2Freq
                0x0000000008002a7c       0x28 ./Drivers/STM32F4xx_HAL_Driver/Src/stm32f4xx_hal_rcc.o
                0x0000000008002a7c                HAL_RCC_GetPCLK2Freq
 .text.HAL_RCC_DeInit
                0x0000000008002aa4      0x1f0 ./Drivers/STM32F4xx_HAL_Driver/Src/stm32f4xx_hal_rcc_ex.o
                0x0000000008002aa4                HAL_RCC_DeInit
 .text.HAL_UART_Init
                0x0000000008002c94       0x9a ./Drivers/STM32F4xx_HAL_Driver/Src/stm32f4xx_hal_uart.o
                0x0000000008002c94                HAL_UART_Init
 .text.HAL_UART_Receive_IT
                0x0000000008002d2e       0x60 ./Drivers/STM32F4xx_HAL_Driver/Src/stm32f4xx_hal_uart.o
                0x0000000008002d2e                HAL_UART_Receive_IT
 *fill*         0x0000000008002d8e        0x2 
 .text.HAL_UART_IRQHandler
                0x0000000008002d90      0x51c ./Drivers/STM32F4xx_HAL_Driver/Src/stm32f4xx_hal_uart.o
                0x0000000008002d90                HAL_UART_IRQHandler
 .text.HAL_UART_TxCpltCallback
                0x00000000080032ac       0x14 ./Drivers/STM32F4xx_HAL_Driver/Src/stm32f4xx_hal_uart.o
                0x00000000080032ac                HAL_UART_TxCpltCallback
 .text.HAL_UART_ErrorCallback
                0x00000000080032c0       0x14 ./Drivers/STM32F4xx_HAL_Driver/Src/stm32f4xx_hal_uart.o
                0x00000000080032c0                HAL_UART_ErrorCallback
 .text.HAL_UARTEx_RxEventCallback
                0x00000000080032d4       0x18 ./Drivers/STM32F4xx_HAL_Driver/Src/stm32f4xx_hal_uart.o
                0x00000000080032d4                HAL_UARTEx_RxEventCallback
 .text.UART_Start_Receive_IT
                0x00000000080032ec       0x7c ./Drivers/STM32F4xx_HAL_Driver/Src/stm32f4xx_hal_uart.o
                0x00000000080032ec                UART_Start_Receive_IT
 .text.UART_EndRxTransfer
                0x0000000008003368       0xc6 ./Drivers/STM32F4xx_HAL_Driver/Src/stm32f4xx_hal_uart.o
 .text.UART_DMAAbortOnError
                0x000000000800342e       0x28 ./Drivers/STM32F4xx_HAL_Driver/Src/stm32f4xx_hal_uart.o
 .text.UART_Transmit_IT
                0x0000000008003456       0xa0 ./Drivers/STM32F4xx_HAL_Driver/Src/stm32f4xx_hal_uart.o
 .text.UART_EndTransmit_IT
                0x00000000080034f6       0x30 ./Drivers/STM32F4xx_HAL_Driver/Src/stm32f4xx_hal_uart.o
 .text.UART_Receive_IT
                0x0000000008003526      0x176 ./Drivers/STM32F4xx_HAL_Driver/Src/stm32f4xx_hal_uart.o
 .text.UART_SetConfig
                0x000000000800369c      0x4e8 ./Drivers/STM32F4xx_HAL_Driver/Src/stm32f4xx_hal_uart.o
 .text.memset   0x0000000008003b84       0x10 C:/Any Programs/STM32CubeIDE/STM32CubeIDE/plugins/com.st.stm32cube.ide.mcu.externaltools.gnu-tools-for-stm32.11.3.rel1.win32_1.1.1.202309131626/tools/bin/../lib/gcc/arm-none-eabi/11.3.1/../../../../arm-none-eabi/lib/thumb/v7e-m+fp/hard\libc_nano.a(libc_a-memset.o)
                0x0000000008003b84                memset
 .text.__libc_init_array
                0x0000000008003b94       0x48 C:/Any Programs/STM32CubeIDE/STM32CubeIDE/plugins/com.st.stm32cube.ide.mcu.externaltools.gnu-tools-for-stm32.11.3.rel1.win32_1.1.1.202309131626/tools/bin/../lib/gcc/arm-none-eabi/11.3.1/../../../../arm-none-eabi/lib/thumb/v7e-m+fp/hard\libc_nano.a(libc_a-init.o)
                0x0000000008003b94                __libc_init_array
 *(.glue_7)
 .glue_7        0x0000000008003bdc        0x0 linker stubs
 *(.glue_7t)
 .glue_7t       0x0000000008003bdc        0x0 linker stubs
 *(.eh_frame)
 .eh_frame      0x0000000008003bdc        0x0 C:/Any Programs/STM32CubeIDE/STM32CubeIDE/plugins/com.st.stm32cube.ide.mcu.externaltools.gnu-tools-for-stm32.11.3.rel1.win32_1.1.1.202309131626/tools/bin/../lib/gcc/arm-none-eabi/11.3.1/thumb/v7e-m+fp/hard/crtbegin.o
 *(.init)
 .init          0x0000000008003bdc        0x4 C:/Any Programs/STM32CubeIDE/STM32CubeIDE/plugins/com.st.stm32cube.ide.mcu.externaltools.gnu-tools-for-stm32.11.3.rel1.win32_1.1.1.202309131626/tools/bin/../lib/gcc/arm-none-eabi/11.3.1/thumb/v7e-m+fp/hard/crti.o
                0x0000000008003bdc                _init
 .init          0x0000000008003be0        0x8 C:/Any Programs/STM32CubeIDE/STM32CubeIDE/plugins/com.st.stm32cube.ide.mcu.externaltools.gnu-tools-for-stm32.11.3.rel1.win32_1.1.1.202309131626/tools/bin/../lib/gcc/arm-none-eabi/11.3.1/thumb/v7e-m+fp/hard/crtn.o
 *(.fini)
 .fini          0x0000000008003be8        0x4 C:/Any Programs/STM32CubeIDE/STM32CubeIDE/plugins/com.st.stm32cube.ide.mcu.externaltools.gnu-tools-for-stm32.11.3.rel1.win32_1.1.1.202309131626/tools/bin/../lib/gcc/arm-none-eabi/11.3.1/thumb/v7e-m+fp/hard/crti.o
                0x0000000008003be8                _fini
 .fini          0x0000000008003bec        0x8 C:/Any Programs/STM32CubeIDE/STM32CubeIDE/plugins/com.st.stm32cube.ide.mcu.externaltools.gnu-tools-for-stm32.11.3.rel1.win32_1.1.1.202309131626/tools/bin/../lib/gcc/arm-none-eabi/11.3.1/thumb/v7e-m+fp/hard/crtn.o
                0x0000000008003bf4                . = ALIGN (0x4)
                0x0000000008003bf4                _etext = .

.vfp11_veneer   0x0000000008003bf4        0x0
 .vfp11_veneer  0x0000000008003bf4        0x0 linker stubs

.v4_bx          0x0000000008003bf4        0x0
 .v4_bx         0x0000000008003bf4        0x0 linker stubs

.iplt           0x0000000008003bf4        0x0
 .iplt          0x0000000008003bf4        0x0 C:/Any Programs/STM32CubeIDE/STM32CubeIDE/plugins/com.st.stm32cube.ide.mcu.externaltools.gnu-tools-for-stm32.11.3.rel1.win32_1.1.1.202309131626/tools/bin/../lib/gcc/arm-none-eabi/11.3.1/thumb/v7e-m+fp/hard/crtbegin.o

.rodata         0x0000000008003bf4       0x18
                0x0000000008003bf4                . = ALIGN (0x4)
 *(.rodata)
 *(.rodata*)
 .rodata.AHBPrescTable
                0x0000000008003bf4       0x10 ./Core/Src/system_stm32f4xx.o
                0x0000000008003bf4                AHBPrescTable
 .rodata.APBPrescTable
                0x0000000008003c04        0x8 ./Core/Src/system_stm32f4xx.o
                0x0000000008003c04                APBPrescTable
                0x0000000008003c0c                . = ALIGN (0x4)

.ARM.extab      0x0000000008003c0c        0x0
                0x0000000008003c0c                . = ALIGN (0x4)
 *(.ARM.extab* .gnu.linkonce.armextab.*)
                0x0000000008003c0c                . = ALIGN (0x4)

.ARM            0x0000000008003c0c        0x8
                0x0000000008003c0c                . = ALIGN (0x4)
                0x0000000008003c0c                __exidx_start = .
 *(.ARM.exidx*)
 .ARM.exidx     0x0000000008003c0c        0x8 C:/Any Programs/STM32CubeIDE/STM32CubeIDE/plugins/com.st.stm32cube.ide.mcu.externaltools.gnu-tools-for-stm32.11.3.rel1.win32_1.1.1.202309131626/tools/bin/../lib/gcc/arm-none-eabi/11.3.1/thumb/v7e-m+fp/hard\libgcc.a(_udivmoddi4.o)
                0x0000000008003c14                __exidx_end = .
                0x0000000008003c14                . = ALIGN (0x4)

.rel.dyn        0x0000000008003c14        0x0
 .rel.iplt      0x0000000008003c14        0x0 C:/Any Programs/STM32CubeIDE/STM32CubeIDE/plugins/com.st.stm32cube.ide.mcu.externaltools.gnu-tools-for-stm32.11.3.rel1.win32_1.1.1.202309131626/tools/bin/../lib/gcc/arm-none-eabi/11.3.1/thumb/v7e-m+fp/hard/crtbegin.o

.preinit_array  0x0000000008003c14        0x0
                0x0000000008003c14                . = ALIGN (0x4)
                0x0000000008003c14                PROVIDE (__preinit_array_start = .)
 *(.preinit_array*)
                0x0000000008003c14                PROVIDE (__preinit_array_end = .)
                0x0000000008003c14                . = ALIGN (0x4)

.init_array     0x0000000008003c14        0x4
                0x0000000008003c14                . = ALIGN (0x4)
                0x0000000008003c14                PROVIDE (__init_array_start = .)
 *(SORT_BY_NAME(.init_array.*))
 *(.init_array*)
 .init_array    0x0000000008003c14        0x4 C:/Any Programs/STM32CubeIDE/STM32CubeIDE/plugins/com.st.stm32cube.ide.mcu.externaltools.gnu-tools-for-stm32.11.3.rel1.win32_1.1.1.202309131626/tools/bin/../lib/gcc/arm-none-eabi/11.3.1/thumb/v7e-m+fp/hard/crtbegin.o
                0x0000000008003c18                PROVIDE (__init_array_end = .)
                0x0000000008003c18                . = ALIGN (0x4)

.fini_array     0x0000000008003c18        0x4
                0x0000000008003c18                . = ALIGN (0x4)
                [!provide]                        PROVIDE (__fini_array_start = .)
 *(SORT_BY_NAME(.fini_array.*))
 *(.fini_array*)
 .fini_array    0x0000000008003c18        0x4 C:/Any Programs/STM32CubeIDE/STM32CubeIDE/plugins/com.st.stm32cube.ide.mcu.externaltools.gnu-tools-for-stm32.11.3.rel1.win32_1.1.1.202309131626/tools/bin/../lib/gcc/arm-none-eabi/11.3.1/thumb/v7e-m+fp/hard/crtbegin.o
                [!provide]                        PROVIDE (__fini_array_end = .)
                0x0000000008003c1c                . = ALIGN (0x4)
                0x0000000008003c1c                _sidata = LOADADDR (.data)

.data           0x0000000020000000        0xc load address 0x0000000008003c1c
                0x0000000020000000                . = ALIGN (0x4)
                0x0000000020000000                _sdata = .
 *(.data)
 *(.data*)
 .data.SystemCoreClock
                0x0000000020000000        0x4 ./Core/Src/system_stm32f4xx.o
                0x0000000020000000                SystemCoreClock
 .data.uwTickPrio
                0x0000000020000004        0x4 ./Drivers/STM32F4xx_HAL_Driver/Src/stm32f4xx_hal.o
                0x0000000020000004                uwTickPrio
 .data.uwTickFreq
                0x0000000020000008        0x1 ./Drivers/STM32F4xx_HAL_Driver/Src/stm32f4xx_hal.o
                0x0000000020000008                uwTickFreq
 *(.RamFunc)
 *(.RamFunc*)
                0x000000002000000c                . = ALIGN (0x4)
 *fill*         0x0000000020000009        0x3 
                0x000000002000000c                _edata = .
                0x0000000008003c28                _siccmram = LOADADDR (.ccmram)

.igot.plt       0x000000002000000c        0x0 load address 0x0000000008003c28
 .igot.plt      0x000000002000000c        0x0 C:/Any Programs/STM32CubeIDE/STM32CubeIDE/plugins/com.st.stm32cube.ide.mcu.externaltools.gnu-tools-for-stm32.11.3.rel1.win32_1.1.1.202309131626/tools/bin/../lib/gcc/arm-none-eabi/11.3.1/thumb/v7e-m+fp/hard/crtbegin.o

.ccmram         0x0000000010000000        0x0 load address 0x0000000008003c28
                0x0000000010000000                . = ALIGN (0x4)
                0x0000000010000000                _sccmram = .
 *(.ccmram)
 *(.ccmram*)
                0x0000000010000000                . = ALIGN (0x4)
                0x0000000010000000                _eccmram = .
                0x0000000010000000                . = ALIGN (0x4)

.bss            0x0000000020000010     0xc3f0
                0x0000000020000010                _sbss = .
                0x0000000020000010                __bss_start__ = _sbss
 *(.bss)
 .bss           0x0000000020000010       0x1c C:/Any Programs/STM32CubeIDE/STM32CubeIDE/plugins/com.st.stm32cube.ide.mcu.externaltools.gnu-tools-for-stm32.11.3.rel1.win32_1.1.1.202309131626/tools/bin/../lib/gcc/arm-none-eabi/11.3.1/thumb/v7e-m+fp/hard/crtbegin.o
 *(.bss*)
 .bss.firmware  0x000000002000002c     0xc350 ./Core/Src/bootloader.o
                0x000000002000002c                firmware
 .bss.sign      0x000000002000c37c        0x1 ./Core/Src/bootloader.o
                0x000000002000c37c                sign
 .bss.length    0x000000002000c37d        0x1 ./Core/Src/bootloader.o
                0x000000002000c37d                length
 .bss.byteCounter
                0x000000002000c37e        0x1 ./Core/Src/bootloader.o
                0x000000002000c37e                byteCounter
 .bss.checksum  0x000000002000c37f        0x1 ./Core/Src/bootloader.o
                0x000000002000c37f                checksum
 .bss.line_error
                0x000000002000c380        0x1 ./Core/Src/bootloader.o
                0x000000002000c380                line_error
 *fill*         0x000000002000c381        0x1 
 .bss.hex_type  0x000000002000c382        0x2 ./Core/Src/bootloader.o
                0x000000002000c382                hex_type
 .bss.whichLine
                0x000000002000c384        0x4 ./Core/Src/bootloader.o
                0x000000002000c384                whichLine
 .bss.bytesSum  0x000000002000c388        0x8 ./Core/Src/bootloader.o
                0x000000002000c388                bytesSum
 .bss.ledcounter
                0x000000002000c390        0x1 ./Core/Src/bootloader.o
                0x000000002000c390                ledcounter
 .bss.problemsCounter
                0x000000002000c391        0x1 ./Core/Src/bootloader.o
                0x000000002000c391                problemsCounter
 *fill*         0x000000002000c392        0x2 
 .bss.huart2    0x000000002000c394       0x44 ./Core/Src/usart.o
                0x000000002000c394                huart2
 .bss.firmwareByte_
                0x000000002000c3d8        0x1 ./Core/Src/usart.o
                0x000000002000c3d8                firmwareByte_
 *fill*         0x000000002000c3d9        0x3 
 .bss.uwTick    0x000000002000c3dc        0x4 ./Drivers/STM32F4xx_HAL_Driver/Src/stm32f4xx_hal.o
                0x000000002000c3dc                uwTick
 .bss.pFlash    0x000000002000c3e0       0x20 ./Drivers/STM32F4xx_HAL_Driver/Src/stm32f4xx_hal_flash.o
                0x000000002000c3e0                pFlash
 *(COMMON)
                0x000000002000c400                . = ALIGN (0x4)
                0x000000002000c400                _ebss = .
                0x000000002000c400                __bss_end__ = _ebss

._user_heap_stack
                0x000000002000c400      0x600
                0x000000002000c400                . = ALIGN (0x8)
                [!provide]                        PROVIDE (end = .)
                0x000000002000c400                PROVIDE (_end = .)
                0x000000002000c600                . = (. + _Min_Heap_Size)
 *fill*         0x000000002000c400      0x200 
                0x000000002000ca00                . = (. + _Min_Stack_Size)
 *fill*         0x000000002000c600      0x400 
                0x000000002000ca00                . = ALIGN (0x8)

/DISCARD/
 libc.a(*)
 libm.a(*)
 libgcc.a(*)

.ARM.attributes
                0x0000000000000000       0x30
 *(.ARM.attributes)
 .ARM.attributes
                0x0000000000000000       0x1e C:/Any Programs/STM32CubeIDE/STM32CubeIDE/plugins/com.st.stm32cube.ide.mcu.externaltools.gnu-tools-for-stm32.11.3.rel1.win32_1.1.1.202309131626/tools/bin/../lib/gcc/arm-none-eabi/11.3.1/thumb/v7e-m+fp/hard/crti.o
 .ARM.attributes
                0x000000000000001e       0x34 C:/Any Programs/STM32CubeIDE/STM32CubeIDE/plugins/com.st.stm32cube.ide.mcu.externaltools.gnu-tools-for-stm32.11.3.rel1.win32_1.1.1.202309131626/tools/bin/../lib/gcc/arm-none-eabi/11.3.1/thumb/v7e-m+fp/hard/crtbegin.o
 .ARM.attributes
                0x0000000000000052       0x34 ./Core/Src/bootloader.o
 .ARM.attributes
                0x0000000000000086       0x34 ./Core/Src/gpio.o
 .ARM.attributes
                0x00000000000000ba       0x34 ./Core/Src/main.o
 .ARM.attributes
                0x00000000000000ee       0x34 ./Core/Src/stm32f4xx_hal_msp.o
 .ARM.attributes
                0x0000000000000122       0x34 ./Core/Src/stm32f4xx_it.o
 .ARM.attributes
                0x0000000000000156       0x34 ./Core/Src/system_stm32f4xx.o
 .ARM.attributes
                0x000000000000018a       0x34 ./Core/Src/usart.o
 .ARM.attributes
                0x00000000000001be       0x21 ./Core/Startup/startup_stm32f429zitx.o
 .ARM.attributes
                0x00000000000001df       0x34 ./Drivers/STM32F4xx_HAL_Driver/Src/stm32f4xx_hal.o
 .ARM.attributes
                0x0000000000000213       0x34 ./Drivers/STM32F4xx_HAL_Driver/Src/stm32f4xx_hal_cortex.o
 .ARM.attributes
                0x0000000000000247       0x34 ./Drivers/STM32F4xx_HAL_Driver/Src/stm32f4xx_hal_dma.o
 .ARM.attributes
                0x000000000000027b       0x34 ./Drivers/STM32F4xx_HAL_Driver/Src/stm32f4xx_hal_flash.o
 .ARM.attributes
                0x00000000000002af       0x34 ./Drivers/STM32F4xx_HAL_Driver/Src/stm32f4xx_hal_flash_ex.o
 .ARM.attributes
                0x00000000000002e3       0x34 ./Drivers/STM32F4xx_HAL_Driver/Src/stm32f4xx_hal_gpio.o
 .ARM.attributes
                0x0000000000000317       0x34 ./Drivers/STM32F4xx_HAL_Driver/Src/stm32f4xx_hal_rcc.o
 .ARM.attributes
                0x000000000000034b       0x34 ./Drivers/STM32F4xx_HAL_Driver/Src/stm32f4xx_hal_rcc_ex.o
 .ARM.attributes
                0x000000000000037f       0x34 ./Drivers/STM32F4xx_HAL_Driver/Src/stm32f4xx_hal_uart.o
 .ARM.attributes
                0x00000000000003b3       0x34 C:/Any Programs/STM32CubeIDE/STM32CubeIDE/plugins/com.st.stm32cube.ide.mcu.externaltools.gnu-tools-for-stm32.11.3.rel1.win32_1.1.1.202309131626/tools/bin/../lib/gcc/arm-none-eabi/11.3.1/../../../../arm-none-eabi/lib/thumb/v7e-m+fp/hard\libc_nano.a(libc_a-memset.o)
 .ARM.attributes
                0x00000000000003e7       0x34 C:/Any Programs/STM32CubeIDE/STM32CubeIDE/plugins/com.st.stm32cube.ide.mcu.externaltools.gnu-tools-for-stm32.11.3.rel1.win32_1.1.1.202309131626/tools/bin/../lib/gcc/arm-none-eabi/11.3.1/../../../../arm-none-eabi/lib/thumb/v7e-m+fp/hard\libc_nano.a(libc_a-init.o)
 .ARM.attributes
                0x000000000000041b       0x1e C:/Any Programs/STM32CubeIDE/STM32CubeIDE/plugins/com.st.stm32cube.ide.mcu.externaltools.gnu-tools-for-stm32.11.3.rel1.win32_1.1.1.202309131626/tools/bin/../lib/gcc/arm-none-eabi/11.3.1/thumb/v7e-m+fp/hard\libgcc.a(_aeabi_uldivmod.o)
 .ARM.attributes
                0x0000000000000439       0x34 C:/Any Programs/STM32CubeIDE/STM32CubeIDE/plugins/com.st.stm32cube.ide.mcu.externaltools.gnu-tools-for-stm32.11.3.rel1.win32_1.1.1.202309131626/tools/bin/../lib/gcc/arm-none-eabi/11.3.1/thumb/v7e-m+fp/hard\libgcc.a(_udivmoddi4.o)
 .ARM.attributes
                0x000000000000046d       0x1e C:/Any Programs/STM32CubeIDE/STM32CubeIDE/plugins/com.st.stm32cube.ide.mcu.externaltools.gnu-tools-for-stm32.11.3.rel1.win32_1.1.1.202309131626/tools/bin/../lib/gcc/arm-none-eabi/11.3.1/thumb/v7e-m+fp/hard\libgcc.a(_dvmd_tls.o)
 .ARM.attributes
                0x000000000000048b       0x1e C:/Any Programs/STM32CubeIDE/STM32CubeIDE/plugins/com.st.stm32cube.ide.mcu.externaltools.gnu-tools-for-stm32.11.3.rel1.win32_1.1.1.202309131626/tools/bin/../lib/gcc/arm-none-eabi/11.3.1/thumb/v7e-m+fp/hard/crtn.o
OUTPUT(STM32_bootloader_v2.elf elf32-littlearm)
LOAD linker stubs
LOAD C:/Any Programs/STM32CubeIDE/STM32CubeIDE/plugins/com.st.stm32cube.ide.mcu.externaltools.gnu-tools-for-stm32.11.3.rel1.win32_1.1.1.202309131626/tools/bin/../lib/gcc/arm-none-eabi/11.3.1/../../../../arm-none-eabi/lib/thumb/v7e-m+fp/hard\libc.a
LOAD C:/Any Programs/STM32CubeIDE/STM32CubeIDE/plugins/com.st.stm32cube.ide.mcu.externaltools.gnu-tools-for-stm32.11.3.rel1.win32_1.1.1.202309131626/tools/bin/../lib/gcc/arm-none-eabi/11.3.1/../../../../arm-none-eabi/lib/thumb/v7e-m+fp/hard\libm.a
LOAD C:/Any Programs/STM32CubeIDE/STM32CubeIDE/plugins/com.st.stm32cube.ide.mcu.externaltools.gnu-tools-for-stm32.11.3.rel1.win32_1.1.1.202309131626/tools/bin/../lib/gcc/arm-none-eabi/11.3.1/thumb/v7e-m+fp/hard\libgcc.a

.comment        0x0000000000000000       0x43
 .comment       0x0000000000000000       0x43 C:/Any Programs/STM32CubeIDE/STM32CubeIDE/plugins/com.st.stm32cube.ide.mcu.externaltools.gnu-tools-for-stm32.11.3.rel1.win32_1.1.1.202309131626/tools/bin/../lib/gcc/arm-none-eabi/11.3.1/thumb/v7e-m+fp/hard/crtbegin.o
                                         0x44 (size before relaxing)
 .comment       0x0000000000000043       0x44 ./Core/Src/bootloader.o
 .comment       0x0000000000000043       0x44 ./Core/Src/gpio.o
 .comment       0x0000000000000043       0x44 ./Core/Src/main.o
 .comment       0x0000000000000043       0x44 ./Core/Src/stm32f4xx_hal_msp.o
 .comment       0x0000000000000043       0x44 ./Core/Src/stm32f4xx_it.o
 .comment       0x0000000000000043       0x44 ./Core/Src/system_stm32f4xx.o
 .comment       0x0000000000000043       0x44 ./Core/Src/usart.o
 .comment       0x0000000000000043       0x44 ./Drivers/STM32F4xx_HAL_Driver/Src/stm32f4xx_hal.o
 .comment       0x0000000000000043       0x44 ./Drivers/STM32F4xx_HAL_Driver/Src/stm32f4xx_hal_cortex.o
 .comment       0x0000000000000043       0x44 ./Drivers/STM32F4xx_HAL_Driver/Src/stm32f4xx_hal_dma.o
 .comment       0x0000000000000043       0x44 ./Drivers/STM32F4xx_HAL_Driver/Src/stm32f4xx_hal_flash.o
 .comment       0x0000000000000043       0x44 ./Drivers/STM32F4xx_HAL_Driver/Src/stm32f4xx_hal_flash_ex.o
 .comment       0x0000000000000043       0x44 ./Drivers/STM32F4xx_HAL_Driver/Src/stm32f4xx_hal_gpio.o
 .comment       0x0000000000000043       0x44 ./Drivers/STM32F4xx_HAL_Driver/Src/stm32f4xx_hal_rcc.o
 .comment       0x0000000000000043       0x44 ./Drivers/STM32F4xx_HAL_Driver/Src/stm32f4xx_hal_rcc_ex.o
 .comment       0x0000000000000043       0x44 ./Drivers/STM32F4xx_HAL_Driver/Src/stm32f4xx_hal_uart.o

.debug_info     0x0000000000000000     0xa0f6
 .debug_info    0x0000000000000000      0x915 ./Core/Src/bootloader.o
 .debug_info    0x0000000000000915      0x3e9 ./Core/Src/gpio.o
 .debug_info    0x0000000000000cfe      0x5f5 ./Core/Src/main.o
 .debug_info    0x00000000000012f3      0x281 ./Core/Src/stm32f4xx_hal_msp.o
 .debug_info    0x0000000000001574      0x61b ./Core/Src/stm32f4xx_it.o
 .debug_info    0x0000000000001b8f      0x52e ./Core/Src/system_stm32f4xx.o
 .debug_info    0x00000000000020bd      0xc3e ./Core/Src/usart.o
 .debug_info    0x0000000000002cfb       0x23 ./Core/Startup/startup_stm32f429zitx.o
 .debug_info    0x0000000000002d1e      0x9be ./Drivers/STM32F4xx_HAL_Driver/Src/stm32f4xx_hal.o
 .debug_info    0x00000000000036dc      0xd7c ./Drivers/STM32F4xx_HAL_Driver/Src/stm32f4xx_hal_cortex.o
 .debug_info    0x0000000000004458      0x8e7 ./Drivers/STM32F4xx_HAL_Driver/Src/stm32f4xx_hal_dma.o
 .debug_info    0x0000000000004d3f      0x57d ./Drivers/STM32F4xx_HAL_Driver/Src/stm32f4xx_hal_flash.o
 .debug_info    0x00000000000052bc      0x88d ./Drivers/STM32F4xx_HAL_Driver/Src/stm32f4xx_hal_flash_ex.o
 .debug_info    0x0000000000005b49      0x6db ./Drivers/STM32F4xx_HAL_Driver/Src/stm32f4xx_hal_gpio.o
 .debug_info    0x0000000000006224      0x8c9 ./Drivers/STM32F4xx_HAL_Driver/Src/stm32f4xx_hal_rcc.o
 .debug_info    0x0000000000006aed      0x651 ./Drivers/STM32F4xx_HAL_Driver/Src/stm32f4xx_hal_rcc_ex.o
 .debug_info    0x000000000000713e     0x2fb8 ./Drivers/STM32F4xx_HAL_Driver/Src/stm32f4xx_hal_uart.o

.debug_abbrev   0x0000000000000000     0x21df
 .debug_abbrev  0x0000000000000000      0x2a8 ./Core/Src/bootloader.o
 .debug_abbrev  0x00000000000002a8      0x152 ./Core/Src/gpio.o
 .debug_abbrev  0x00000000000003fa      0x232 ./Core/Src/main.o
 .debug_abbrev  0x000000000000062c       0xd8 ./Core/Src/stm32f4xx_hal_msp.o
 .debug_abbrev  0x0000000000000704      0x175 ./Core/Src/stm32f4xx_it.o
 .debug_abbrev  0x0000000000000879      0x11a ./Core/Src/system_stm32f4xx.o
 .debug_abbrev  0x0000000000000993      0x242 ./Core/Src/usart.o
 .debug_abbrev  0x0000000000000bd5       0x12 ./Core/Startup/startup_stm32f429zitx.o
 .debug_abbrev  0x0000000000000be7      0x213 ./Drivers/STM32F4xx_HAL_Driver/Src/stm32f4xx_hal.o
 .debug_abbrev  0x0000000000000dfa      0x327 ./Drivers/STM32F4xx_HAL_Driver/Src/stm32f4xx_hal_cortex.o
 .debug_abbrev  0x0000000000001121      0x264 ./Drivers/STM32F4xx_HAL_Driver/Src/stm32f4xx_hal_dma.o
 .debug_abbrev  0x0000000000001385      0x28c ./Drivers/STM32F4xx_HAL_Driver/Src/stm32f4xx_hal_flash.o
 .debug_abbrev  0x0000000000001611      0x287 ./Drivers/STM32F4xx_HAL_Driver/Src/stm32f4xx_hal_flash_ex.o
 .debug_abbrev  0x0000000000001898      0x1d4 ./Drivers/STM32F4xx_HAL_Driver/Src/stm32f4xx_hal_gpio.o
 .debug_abbrev  0x0000000000001a6c      0x2b6 ./Drivers/STM32F4xx_HAL_Driver/Src/stm32f4xx_hal_rcc.o
 .debug_abbrev  0x0000000000001d22      0x1af ./Drivers/STM32F4xx_HAL_Driver/Src/stm32f4xx_hal_rcc_ex.o
 .debug_abbrev  0x0000000000001ed1      0x30e ./Drivers/STM32F4xx_HAL_Driver/Src/stm32f4xx_hal_uart.o

.debug_aranges  0x0000000000000000      0x930
 .debug_aranges
                0x0000000000000000       0x70 ./Core/Src/bootloader.o
 .debug_aranges
                0x0000000000000070       0x20 ./Core/Src/gpio.o
 .debug_aranges
                0x0000000000000090       0x30 ./Core/Src/main.o
 .debug_aranges
                0x00000000000000c0       0x20 ./Core/Src/stm32f4xx_hal_msp.o
 .debug_aranges
                0x00000000000000e0       0x68 ./Core/Src/stm32f4xx_it.o
 .debug_aranges
                0x0000000000000148       0x28 ./Core/Src/system_stm32f4xx.o
 .debug_aranges
                0x0000000000000170       0x40 ./Core/Src/usart.o
 .debug_aranges
                0x00000000000001b0       0x28 ./Core/Startup/startup_stm32f429zitx.o
 .debug_aranges
                0x00000000000001d8      0x100 ./Drivers/STM32F4xx_HAL_Driver/Src/stm32f4xx_hal.o
 .debug_aranges
                0x00000000000002d8      0x118 ./Drivers/STM32F4xx_HAL_Driver/Src/stm32f4xx_hal_cortex.o
 .debug_aranges
                0x00000000000003f0       0x90 ./Drivers/STM32F4xx_HAL_Driver/Src/stm32f4xx_hal_dma.o
 .debug_aranges
                0x0000000000000480       0xa0 ./Drivers/STM32F4xx_HAL_Driver/Src/stm32f4xx_hal_flash.o
 .debug_aranges
                0x0000000000000520       0xd8 ./Drivers/STM32F4xx_HAL_Driver/Src/stm32f4xx_hal_flash_ex.o
 .debug_aranges
                0x00000000000005f8       0x58 ./Drivers/STM32F4xx_HAL_Driver/Src/stm32f4xx_hal_gpio.o
 .debug_aranges
                0x0000000000000650       0x88 ./Drivers/STM32F4xx_HAL_Driver/Src/stm32f4xx_hal_rcc.o
 .debug_aranges
                0x00000000000006d8       0x58 ./Drivers/STM32F4xx_HAL_Driver/Src/stm32f4xx_hal_rcc_ex.o
 .debug_aranges
                0x0000000000000730      0x200 ./Drivers/STM32F4xx_HAL_Driver/Src/stm32f4xx_hal_uart.o

.debug_rnglists
                0x0000000000000000      0x6f7
 .debug_rnglists
                0x0000000000000000       0x52 ./Core/Src/bootloader.o
 .debug_rnglists
                0x0000000000000052       0x14 ./Core/Src/gpio.o
 .debug_rnglists
                0x0000000000000066       0x20 ./Core/Src/main.o
 .debug_rnglists
                0x0000000000000086       0x13 ./Core/Src/stm32f4xx_hal_msp.o
 .debug_rnglists
                0x0000000000000099       0x49 ./Core/Src/stm32f4xx_it.o
 .debug_rnglists
                0x00000000000000e2       0x1a ./Core/Src/system_stm32f4xx.o
 .debug_rnglists
                0x00000000000000fc       0x2c ./Core/Src/usart.o
 .debug_rnglists
                0x0000000000000128       0x19 ./Core/Startup/startup_stm32f429zitx.o
 .debug_rnglists
                0x0000000000000141       0xbb ./Drivers/STM32F4xx_HAL_Driver/Src/stm32f4xx_hal.o
 .debug_rnglists
                0x00000000000001fc       0xce ./Drivers/STM32F4xx_HAL_Driver/Src/stm32f4xx_hal_cortex.o
 .debug_rnglists
                0x00000000000002ca       0x70 ./Drivers/STM32F4xx_HAL_Driver/Src/stm32f4xx_hal_dma.o
 .debug_rnglists
                0x000000000000033a       0x78 ./Drivers/STM32F4xx_HAL_Driver/Src/stm32f4xx_hal_flash.o
 .debug_rnglists
                0x00000000000003b2       0xa6 ./Drivers/STM32F4xx_HAL_Driver/Src/stm32f4xx_hal_flash_ex.o
 .debug_rnglists
                0x0000000000000458       0x3f ./Drivers/STM32F4xx_HAL_Driver/Src/stm32f4xx_hal_gpio.o
 .debug_rnglists
                0x0000000000000497       0x66 ./Drivers/STM32F4xx_HAL_Driver/Src/stm32f4xx_hal_rcc.o
 .debug_rnglists
                0x00000000000004fd       0x43 ./Drivers/STM32F4xx_HAL_Driver/Src/stm32f4xx_hal_rcc_ex.o
 .debug_rnglists
                0x0000000000000540      0x1b7 ./Drivers/STM32F4xx_HAL_Driver/Src/stm32f4xx_hal_uart.o

.debug_macro    0x0000000000000000    0x226c4
 .debug_macro   0x0000000000000000      0x1d2 ./Core/Src/bootloader.o
 .debug_macro   0x00000000000001d2      0xaa8 ./Core/Src/bootloader.o
 .debug_macro   0x0000000000000c7a      0x295 ./Core/Src/bootloader.o
 .debug_macro   0x0000000000000f0f       0x2e ./Core/Src/bootloader.o
 .debug_macro   0x0000000000000f3d       0x28 ./Core/Src/bootloader.o
 .debug_macro   0x0000000000000f65       0x22 ./Core/Src/bootloader.o
 .debug_macro   0x0000000000000f87       0x8e ./Core/Src/bootloader.o
 .debug_macro   0x0000000000001015       0x51 ./Core/Src/bootloader.o
 .debug_macro   0x0000000000001066      0x103 ./Core/Src/bootloader.o
 .debug_macro   0x0000000000001169       0x6a ./Core/Src/bootloader.o
 .debug_macro   0x00000000000011d3      0x1df ./Core/Src/bootloader.o
 .debug_macro   0x00000000000013b2       0x1c ./Core/Src/bootloader.o
 .debug_macro   0x00000000000013ce       0x22 ./Core/Src/bootloader.o
 .debug_macro   0x00000000000013f0       0xd9 ./Core/Src/bootloader.o
 .debug_macro   0x00000000000014c9     0x102d ./Core/Src/bootloader.o
 .debug_macro   0x00000000000024f6      0x11f ./Core/Src/bootloader.o
 .debug_macro   0x0000000000002615    0x17fc0 ./Core/Src/bootloader.o
 .debug_macro   0x000000000001a5d5       0x6d ./Core/Src/bootloader.o
 .debug_macro   0x000000000001a642     0x36f5 ./Core/Src/bootloader.o
 .debug_macro   0x000000000001dd37      0x174 ./Core/Src/bootloader.o
 .debug_macro   0x000000000001deab       0x5c ./Core/Src/bootloader.o
 .debug_macro   0x000000000001df07      0xca5 ./Core/Src/bootloader.o
 .debug_macro   0x000000000001ebac      0x9fe ./Core/Src/bootloader.o
 .debug_macro   0x000000000001f5aa      0x115 ./Core/Src/bootloader.o
 .debug_macro   0x000000000001f6bf      0x156 ./Core/Src/bootloader.o
 .debug_macro   0x000000000001f815       0xa5 ./Core/Src/bootloader.o
 .debug_macro   0x000000000001f8ba      0x182 ./Core/Src/bootloader.o
 .debug_macro   0x000000000001fa3c      0x287 ./Core/Src/bootloader.o
 .debug_macro   0x000000000001fcc3       0x5f ./Core/Src/bootloader.o
 .debug_macro   0x000000000001fd22      0x236 ./Core/Src/bootloader.o
 .debug_macro   0x000000000001ff58      0x132 ./Core/Src/bootloader.o
 .debug_macro   0x000000000002008a      0x41d ./Core/Src/bootloader.o
 .debug_macro   0x00000000000204a7       0x2e ./Core/Src/bootloader.o
 .debug_macro   0x00000000000204d5      0x11a ./Core/Src/bootloader.o
 .debug_macro   0x00000000000205ef       0xe2 ./Core/Src/bootloader.o
 .debug_macro   0x00000000000206d1       0x89 ./Core/Src/bootloader.o
 .debug_macro   0x000000000002075a      0x295 ./Core/Src/bootloader.o
 .debug_macro   0x00000000000209ef      0x134 ./Core/Src/bootloader.o
 .debug_macro   0x0000000000020b23       0x34 ./Core/Src/bootloader.o
 .debug_macro   0x0000000000020b57       0x16 ./Core/Src/bootloader.o
 .debug_macro   0x0000000000020b6d      0x1d3 ./Core/Src/gpio.o
 .debug_macro   0x0000000000020d40       0x10 ./Core/Src/gpio.o
 .debug_macro   0x0000000000020d50      0x1e1 ./Core/Src/main.o
 .debug_macro   0x0000000000020f31      0x1c9 ./Core/Src/stm32f4xx_hal_msp.o
 .debug_macro   0x00000000000210fa      0x1d3 ./Core/Src/stm32f4xx_it.o
 .debug_macro   0x00000000000212cd      0x1ba ./Core/Src/system_stm32f4xx.o
 .debug_macro   0x0000000000021487      0x1dc ./Core/Src/usart.o
 .debug_macro   0x0000000000021663       0x3a ./Core/Src/usart.o
 .debug_macro   0x000000000002169d      0x21a ./Drivers/STM32F4xx_HAL_Driver/Src/stm32f4xx_hal.o
 .debug_macro   0x00000000000218b7      0x1ba ./Drivers/STM32F4xx_HAL_Driver/Src/stm32f4xx_hal_cortex.o
 .debug_macro   0x0000000000021a71      0x1c0 ./Drivers/STM32F4xx_HAL_Driver/Src/stm32f4xx_hal_dma.o
 .debug_macro   0x0000000000021c31      0x1c0 ./Drivers/STM32F4xx_HAL_Driver/Src/stm32f4xx_hal_flash.o
 .debug_macro   0x0000000000021df1      0x1c0 ./Drivers/STM32F4xx_HAL_Driver/Src/stm32f4xx_hal_flash_ex.o
 .debug_macro   0x0000000000021fb1      0x1c0 ./Drivers/STM32F4xx_HAL_Driver/Src/stm32f4xx_hal_gpio.o
 .debug_macro   0x0000000000022171      0x1de ./Drivers/STM32F4xx_HAL_Driver/Src/stm32f4xx_hal_rcc.o
 .debug_macro   0x000000000002234f      0x1ba ./Drivers/STM32F4xx_HAL_Driver/Src/stm32f4xx_hal_rcc_ex.o
 .debug_macro   0x0000000000022509      0x1bb ./Drivers/STM32F4xx_HAL_Driver/Src/stm32f4xx_hal_uart.o

.debug_line     0x0000000000000000     0xc80b
 .debug_line    0x0000000000000000      0xc67 ./Core/Src/bootloader.o
 .debug_line    0x0000000000000c67      0x72f ./Core/Src/gpio.o
 .debug_line    0x0000000000001396      0x7ae ./Core/Src/main.o
 .debug_line    0x0000000000001b44      0x722 ./Core/Src/stm32f4xx_hal_msp.o
 .debug_line    0x0000000000002266      0x7fc ./Core/Src/stm32f4xx_it.o
 .debug_line    0x0000000000002a62      0x7a3 ./Core/Src/system_stm32f4xx.o
 .debug_line    0x0000000000003205      0x7d5 ./Core/Src/usart.o
 .debug_line    0x00000000000039da       0x7a ./Core/Startup/startup_stm32f429zitx.o
 .debug_line    0x0000000000003a54      0xa3f ./Drivers/STM32F4xx_HAL_Driver/Src/stm32f4xx_hal.o
 .debug_line    0x0000000000004493      0xcb8 ./Drivers/STM32F4xx_HAL_Driver/Src/stm32f4xx_hal_cortex.o
 .debug_line    0x000000000000514b      0xf6d ./Drivers/STM32F4xx_HAL_Driver/Src/stm32f4xx_hal_dma.o
 .debug_line    0x00000000000060b8      0xaa8 ./Drivers/STM32F4xx_HAL_Driver/Src/stm32f4xx_hal_flash.o
 .debug_line    0x0000000000006b60      0xd01 ./Drivers/STM32F4xx_HAL_Driver/Src/stm32f4xx_hal_flash_ex.o
 .debug_line    0x0000000000007861      0xba5 ./Drivers/STM32F4xx_HAL_Driver/Src/stm32f4xx_hal_gpio.o
 .debug_line    0x0000000000008406      0xd80 ./Drivers/STM32F4xx_HAL_Driver/Src/stm32f4xx_hal_rcc.o
 .debug_line    0x0000000000009186      0xbda ./Drivers/STM32F4xx_HAL_Driver/Src/stm32f4xx_hal_rcc_ex.o
 .debug_line    0x0000000000009d60     0x2aab ./Drivers/STM32F4xx_HAL_Driver/Src/stm32f4xx_hal_uart.o

.debug_str      0x0000000000000000    0xce529
 .debug_str     0x0000000000000000    0xcb8c7 ./Core/Src/bootloader.o
                                      0xcbb69 (size before relaxing)
 .debug_str     0x00000000000cb8c7      0x1b3 ./Core/Src/gpio.o
                                      0xcb85a (size before relaxing)
 .debug_str     0x00000000000cba7a      0x1bb ./Core/Src/main.o
                                      0xcba07 (size before relaxing)
 .debug_str     0x00000000000cbc35       0x2c ./Core/Src/stm32f4xx_hal_msp.o
                                      0xcb78f (size before relaxing)
 .debug_str     0x00000000000cbc61      0x4ca ./Core/Src/stm32f4xx_it.o
                                      0xcbb8a (size before relaxing)
 .debug_str     0x00000000000cc12b       0x87 ./Core/Src/system_stm32f4xx.o
                                      0xcb817 (size before relaxing)
 .debug_str     0x00000000000cc1b2      0x626 ./Core/Src/usart.o
                                      0xcc39d (size before relaxing)
 .debug_str     0x00000000000cc7d8       0x34 ./Core/Startup/startup_stm32f429zitx.o
                                         0x5e (size before relaxing)
 .debug_str     0x00000000000cc80c      0x62f ./Drivers/STM32F4xx_HAL_Driver/Src/stm32f4xx_hal.o
                                      0xcc43a (size before relaxing)
 .debug_str     0x00000000000cce3b      0x32d ./Drivers/STM32F4xx_HAL_Driver/Src/stm32f4xx_hal_cortex.o
                                      0xcc11f (size before relaxing)
 .debug_str     0x00000000000cd168      0x328 ./Drivers/STM32F4xx_HAL_Driver/Src/stm32f4xx_hal_dma.o
                                      0xcbc1e (size before relaxing)
 .debug_str     0x00000000000cd490      0x28c ./Drivers/STM32F4xx_HAL_Driver/Src/stm32f4xx_hal_flash.o
                                      0xcb9f4 (size before relaxing)
 .debug_str     0x00000000000cd71c      0x30f ./Drivers/STM32F4xx_HAL_Driver/Src/stm32f4xx_hal_flash_ex.o
                                      0xcbb7b (size before relaxing)
 .debug_str     0x00000000000cda2b      0x10e ./Drivers/STM32F4xx_HAL_Driver/Src/stm32f4xx_hal_gpio.o
                                      0xcb992 (size before relaxing)
 .debug_str     0x00000000000cdb39      0x219 ./Drivers/STM32F4xx_HAL_Driver/Src/stm32f4xx_hal_rcc.o
                                      0xcbc4b (size before relaxing)
 .debug_str     0x00000000000cdd52      0x213 ./Drivers/STM32F4xx_HAL_Driver/Src/stm32f4xx_hal_rcc_ex.o
                                      0xcba12 (size before relaxing)
 .debug_str     0x00000000000cdf65      0x5c4 ./Drivers/STM32F4xx_HAL_Driver/Src/stm32f4xx_hal_uart.o
                                      0xcc1d7 (size before relaxing)

.debug_frame    0x0000000000000000     0x2394
 .debug_frame   0x0000000000000000      0x1b8 ./Core/Src/bootloader.o
 .debug_frame   0x00000000000001b8       0x34 ./Core/Src/gpio.o
 .debug_frame   0x00000000000001ec       0x68 ./Core/Src/main.o
 .debug_frame   0x0000000000000254       0x38 ./Core/Src/stm32f4xx_hal_msp.o
 .debug_frame   0x000000000000028c      0x120 ./Core/Src/stm32f4xx_it.o
 .debug_frame   0x00000000000003ac       0x58 ./Core/Src/system_stm32f4xx.o
 .debug_frame   0x0000000000000404       0xb4 ./Core/Src/usart.o
 .debug_frame   0x00000000000004b8      0x3b4 ./Drivers/STM32F4xx_HAL_Driver/Src/stm32f4xx_hal.o
 .debug_frame   0x000000000000086c      0x498 ./Drivers/STM32F4xx_HAL_Driver/Src/stm32f4xx_hal_cortex.o
 .debug_frame   0x0000000000000d04      0x250 ./Drivers/STM32F4xx_HAL_Driver/Src/stm32f4xx_hal_dma.o
 .debug_frame   0x0000000000000f54      0x274 ./Drivers/STM32F4xx_HAL_Driver/Src/stm32f4xx_hal_flash.o
 .debug_frame   0x00000000000011c8      0x378 ./Drivers/STM32F4xx_HAL_Driver/Src/stm32f4xx_hal_flash_ex.o
 .debug_frame   0x0000000000001540      0x14c ./Drivers/STM32F4xx_HAL_Driver/Src/stm32f4xx_hal_gpio.o
 .debug_frame   0x000000000000168c      0x1f4 ./Drivers/STM32F4xx_HAL_Driver/Src/stm32f4xx_hal_rcc.o
 .debug_frame   0x0000000000001880      0x13c ./Drivers/STM32F4xx_HAL_Driver/Src/stm32f4xx_hal_rcc_ex.o
 .debug_frame   0x00000000000019bc      0x92c ./Drivers/STM32F4xx_HAL_Driver/Src/stm32f4xx_hal_uart.o
 .debug_frame   0x00000000000022e8       0x20 C:/Any Programs/STM32CubeIDE/STM32CubeIDE/plugins/com.st.stm32cube.ide.mcu.externaltools.gnu-tools-for-stm32.11.3.rel1.win32_1.1.1.202309131626/tools/bin/../lib/gcc/arm-none-eabi/11.3.1/../../../../arm-none-eabi/lib/thumb/v7e-m+fp/hard\libc_nano.a(libc_a-memset.o)
 .debug_frame   0x0000000000002308       0x2c C:/Any Programs/STM32CubeIDE/STM32CubeIDE/plugins/com.st.stm32cube.ide.mcu.externaltools.gnu-tools-for-stm32.11.3.rel1.win32_1.1.1.202309131626/tools/bin/../lib/gcc/arm-none-eabi/11.3.1/../../../../arm-none-eabi/lib/thumb/v7e-m+fp/hard\libc_nano.a(libc_a-init.o)
 .debug_frame   0x0000000000002334       0x2c C:/Any Programs/STM32CubeIDE/STM32CubeIDE/plugins/com.st.stm32cube.ide.mcu.externaltools.gnu-tools-for-stm32.11.3.rel1.win32_1.1.1.202309131626/tools/bin/../lib/gcc/arm-none-eabi/11.3.1/thumb/v7e-m+fp/hard\libgcc.a(_aeabi_uldivmod.o)
 .debug_frame   0x0000000000002360       0x34 C:/Any Programs/STM32CubeIDE/STM32CubeIDE/plugins/com.st.stm32cube.ide.mcu.externaltools.gnu-tools-for-stm32.11.3.rel1.win32_1.1.1.202309131626/tools/bin/../lib/gcc/arm-none-eabi/11.3.1/thumb/v7e-m+fp/hard\libgcc.a(_udivmoddi4.o)

.debug_line_str
                0x0000000000000000       0x52
 .debug_line_str
                0x0000000000000000       0x52 ./Core/Startup/startup_stm32f429zitx.o
                                         0x6a (size before relaxing)
